<html>
<body>
<pre>
<h1>礦ision Build Log</h1>
<h2>Tool Versions:</h2>
IDE-Version: μVision V5.28.0.0
Copyright (C) 2019 ARM Ltd and ARM Germany GmbH. All rights reserved.
License Information: 434 Administrator, 434, LIC=EXJT4-FFS59-45NT5-GS3HP-ECBL0-T5JND
 
Tool Versions:
Toolchain:       MDK-ARM Plus  Version: 5.28.0.0
Toolchain Path:  C:\Keil_v5\ARM\ARMCC\Bin
C Compiler:      Armcc.exe V5.06 update 6 (build 750)
Assembler:       Armasm.exe V5.06 update 6 (build 750)
Linker/Locator:  ArmLink.exe V5.06 update 6 (build 750)
Library Manager: ArmAr.exe V5.06 update 6 (build 750)
Hex Converter:   FromElf.exe V5.06 update 6 (build 750)
CPU DLL:         SARMCM3.DLL V5.28.0.0
Dialog DLL:      DCM.DLL V1.17.3.0
Target DLL:      Segger\JL2CM3.dll V2.99.36.0
Dialog DLL:      TCM.DLL V1.36.2.0
 
<h2>Project:</h2>
D:\GZ2301\STM32\008\作业讲解\第二题\蓝牙设置时间和闹钟\Template.uvprojx
Project File Date:  05/09/2023

<h2>Output:</h2>
*** Using Compiler 'V5.06 update 6 (build 750)', folder: 'C:\Keil_v5\ARM\ARMCC\Bin'
Build target 'Target 1'
compiling key.c...
MYCODE\key.h(11): warning:  #1-D: last line of file ends without a newline
  #endif
MYCODE\key.c(27): warning:  #1-D: last line of file ends without a newline
  }
MYCODE\key.c: 2 warnings, 0 errors
compiling led.c...
MYCODE\led.h(17): warning:  #1-D: last line of file ends without a newline
  #endif
MYCODE\led.c(48): warning:  #1-D: last line of file ends without a newline
  }
MYCODE\led.c: 2 warnings, 0 errors
compiling main.c...
MYCODE\led.h(17): warning:  #1-D: last line of file ends without a newline
  #endif
MYCODE\key.h(11): warning:  #1-D: last line of file ends without a newline
  #endif
MYCODE\exti.h(11): warning:  #1-D: last line of file ends without a newline
  #endif
MYCODE\tim.h(11): warning:  #1-D: last line of file ends without a newline
  #endif
MYCODE\pwm.h(11): warning:  #1-D: last line of file ends without a newline
  #endif
MYCODE\usart.h(11): warning:  #1-D: last line of file ends without a newline
  #endif
MYCODE\sr04.h(13): warning:  #1-D: last line of file ends without a newline
  #endif
MYCODE\iwdg.h(13): warning:  #1-D: last line of file ends without a newline
  #endif
MYCODE\rtc.h(13): warning:  #1-D: last line of file ends without a newline
  #endif
MYCODE\main.c(96): warning:  #223-D: function "printf" declared implicitly
  			printf("rx_buffer:%s\r\n", rx_buffer);
MYCODE\main.c(98): warning:  #167-D: argument of type "u8 *" is incompatible with parameter of type "const char *"
  			if(strncmp(rx_buffer, "HCD1", 4) == 0) //时间HCD1XXYYDD:(XX时 YY分 DD秒)  
MYCODE\main.c(109): warning:  #167-D: argument of type "u8 *" is incompatible with parameter of type "const char *"
  			if(strncmp(rx_buffer, "HCD0", 4) == 0)//时间HCD0BBXXYYDD:(BB:日期 XX时 YY分 DD秒)  
MYCODE\main.c(127): warning:  #223-D: function "printf" declared implicitly
  		printf("time: %02d:%02d:%02d\r\n",RTC_TimeStruct.RTC_Hours,RTC_TimeStruct.RTC_Minutes,RTC_TimeStruct.RTC_Seconds);
MYCODE\main.c(141): warning:  #111-D: statement is unreachable
  	return 0;
MYCODE\main.c(142): warning:  #1-D: last line of file ends without a newline
  }
MYCODE\main.c: 15 warnings, 0 errors
compiling delay.c...
compiling exti.c...
MYCODE\exti.h(11): warning:  #1-D: last line of file ends without a newline
  #endif
MYCODE\exti.c: 1 warning, 0 errors
compiling tim.c...
MYCODE\tim.h(11): warning:  #1-D: last line of file ends without a newline
  #endif
MYCODE\tim.c: 1 warning, 0 errors
compiling pwm.c...
MYCODE\pwm.h(11): warning:  #1-D: last line of file ends without a newline
  #endif
MYCODE\pwm.c(70): warning:  #1-D: last line of file ends without a newline
  }
MYCODE\pwm.c: 2 warnings, 0 errors
compiling sr04.c...
MYCODE\sr04.h(13): warning:  #1-D: last line of file ends without a newline
  #endif
MYCODE\sr04.c: 1 warning, 0 errors
compiling usart.c...
MYCODE\usart.h(11): warning:  #1-D: last line of file ends without a newline
  #endif
MYCODE\usart.c(18): warning:  #940-D: missing return statement at end of non-void function "_sys_exit" 
  } 
MYCODE\usart.c(145): warning:  #1-D: last line of file ends without a newline
  }
MYCODE\usart.c: 3 warnings, 0 errors
compiling dht11.c...
compiling rtc.c...
MYCODE\led.h(17): warning:  #1-D: last line of file ends without a newline
  #endif
MYCODE\rtc.h(13): warning:  #1-D: last line of file ends without a newline
  #endif
MYCODE\rtc.c: 2 warnings, 0 errors
compiling misc.c...
compiling stm32f4xx_gpio.c...
compiling stm32f4xx_exti.c...
compiling stm32f4xx_pwr.c...
compiling stm32f4xx_rcc.c...
compiling stm32f4xx_syscfg.c...
compiling stm32f4xx_rtc.c...
assembling startup_stm32f40_41xxx.s...
compiling stm32f4xx_usart.c...
compiling stm32f4xx_tim.c...
compiling system_stm32f4xx.c...
linking...
Program Size: Code=6614 RO-data=442 RW-data=32 ZI-data=3232  
".\Objects\Template.axf" - 0 Error(s), 29 Warning(s).

<h2>Software Packages used:</h2>

Package Vendor: ARM
                http://www.keil.com/pack/ARM.CMSIS.5.5.1.pack
                ARM.CMSIS.5.5.1
                CMSIS (Cortex Microcontroller Software Interface Standard)
   * Component: CORE Version: 5.2.0

Package Vendor: Keil
                http://www.keil.com/pack/Keil.STM32F4xx_DFP.1.0.8.pack
                Keil.STM32F4xx_DFP.1.0.8
                STMicroelectronics STM32F4 Series Device Support, Drivers and Examples
   * Component: Startup Version: 1.3.1
   * Component: EXTI Version: 1.3.0
   * Component: Framework Version: 1.3.1
   * Component: GPIO Version: 1.3.0
   * Component: PWR Version: 1.3.0
   * Component: RCC Version: 1.3.0
   * Component: RTC Version: 1.3.0
   * Component: SYSCFG Version: 1.3.0
   * Component: TIM Version: 1.3.0
   * Component: USART Version: 1.3.0

<h2>Collection of Component include folders:</h2>
  .\RTE\Device\STM32F407ZE
  .\RTE\_Target_1
  C:\Users\Administrator\AppData\Local\Arm\Packs\ARM\CMSIS\5.5.1\CMSIS\Core\Include
  C:\Users\Administrator\AppData\Local\Arm\Packs\Keil\STM32F4xx_DFP\1.0.8\Device\Include
  C:\Users\Administrator\AppData\Local\Arm\Packs\Keil\STM32F4xx_DFP\1.0.8\Device\StdPeriph_Driver\inc

<h2>Collection of Component Files used:</h2>

   * Component: ARM::CMSIS:CORE:5.2.0

   * Component: Keil::Device:Startup:1.3.1
      Include file:  Device\Include\stm32f4xx.h
      Source file:   Device\Source\system_stm32f4xx.c
      Include file:  RTE_Driver\Config\RTE_Device.h
      Source file:   Device\Source\ARM\STM32F40xxx_41xxx_OPT.s
      Source file:   Device\Source\ARM\STM32F4xx_OTP.s
      Source file:   Device\Source\ARM\startup_stm32f40_41xxx.s

   * Component: Keil::Device:StdPeriph Drivers:EXTI:1.3.0
      Source file:   Device\StdPeriph_Driver\src\stm32f4xx_exti.c
      Include file:  Device\StdPeriph_Driver\inc\stm32f4xx_exti.h

   * Component: Keil::Device:StdPeriph Drivers:Framework:1.3.1
      Source file:   Device\StdPeriph_Driver\templates\stm32f4xx_it.c
      Include file:  Device\StdPeriph_Driver\templates\stm32f4xx_it.h
      Source file:   Device\StdPeriph_Driver\src\misc.c
      Source file:   Device\StdPeriph_Driver\templates\stm32f4xx_conf.h

   * Component: Keil::Device:StdPeriph Drivers:GPIO:1.3.0
      Include file:  Device\StdPeriph_Driver\inc\stm32f4xx_gpio.h
      Source file:   Device\StdPeriph_Driver\src\stm32f4xx_gpio.c

   * Component: Keil::Device:StdPeriph Drivers:PWR:1.3.0
      Include file:  Device\StdPeriph_Driver\inc\stm32f4xx_pwr.h
      Source file:   Device\StdPeriph_Driver\src\stm32f4xx_pwr.c

   * Component: Keil::Device:StdPeriph Drivers:RCC:1.3.0
      Source file:   Device\StdPeriph_Driver\src\stm32f4xx_rcc.c
      Include file:  Device\StdPeriph_Driver\inc\stm32f4xx_rcc.h

   * Component: Keil::Device:StdPeriph Drivers:RTC:1.3.0
      Source file:   Device\StdPeriph_Driver\src\stm32f4xx_rtc.c
      Include file:  Device\StdPeriph_Driver\inc\stm32f4xx_rtc.h

   * Component: Keil::Device:StdPeriph Drivers:SYSCFG:1.3.0
      Include file:  Device\StdPeriph_Driver\inc\stm32f4xx_syscfg.h
      Source file:   Device\StdPeriph_Driver\src\stm32f4xx_syscfg.c

   * Component: Keil::Device:StdPeriph Drivers:TIM:1.3.0
      Source file:   Device\StdPeriph_Driver\src\stm32f4xx_tim.c
      Include file:  Device\StdPeriph_Driver\inc\stm32f4xx_tim.h

   * Component: Keil::Device:StdPeriph Drivers:USART:1.3.0
      Include file:  Device\StdPeriph_Driver\inc\stm32f4xx_usart.h
      Source file:   Device\StdPeriph_Driver\src\stm32f4xx_usart.c
Build Time Elapsed:  00:00:11
</pre>
</body>
</html>
